
> rocket-command-pro@2.0.0 build
> next build

   ▲ Next.js 15.5.12
   - Environments: .env.local
   - Experiments (use with caution):
     · optimizePackageImports

   Creating an optimized production build ...
<w> [webpack.cache.PackFileCacheStrategy] Serializing big strings (143kiB) impacts deserialization performance (consider using Buffer instead and decode when needed)
Failed to compile.

./src/app/api/antigravity/route.ts
Module not found: Can't resolve '@/lib/supabase-server'

https://nextjs.org/docs/messages/module-not-found


> Build failed because of webpack errors
npm error Lifecycle script `build` failed with error:
npm error code 1
npm error path G:\matrix\apps\rocket-command
npm error workspace rocket-command-pro@2.0.0
npm error location G:\matrix\apps\rocket-command
npm error command failed
npm error command C:\Windows\system32\cmd.exe /d /s /c next build
